// Jest Snapshot v1, https://goo.gl/fbAQLP

exports[`renders correctly 1`] = `
<div>
  <h1>
    Hello from 
    TypeScript 123
     and 
    React
    !
  </h1>
  <button
    className="ant-btn ant-btn-primary"
    onClick={[Function]}
    type="button"
  >
    <span>
      Test Button 2
    </span>
  </button>
</div>
`;
