// Jest Snapshot v1, https://goo.gl/fbAQLP

exports[`renders correctly 1`] = `
<div>
  <h1>
    Hello from 
    TypeScript 123
     and 
    React
    !
  </h1>
  <Button
    block={false}
    ghost={false}
    loading={false}
    prefixCls="ant-btn"
    type="primary"
  >
    Test Button 2
  </Button>
</div>
`;
